adapta-gtk-theme
adobe-source-han-sans-otc-fonts
adobe-source-han-serif-otc-fonts
amd-ucode
hicolor-icon-theme
ripgrep
pass
man-db
clang
mold
llvm
openmp
lld
bleachbit
go
graphviz
unace
cython
python-markdown
intel-ucode
tabiew
dos2unix
gvfs-mtp
gvfs-smb
less
aspnet-runtime
uthash
nvme-cli
touchegg
traceroute
nethogs
baobab
system-config-printer
tmux
base
base-devel
python-pip
alacritty
telegram-desktop
diffutils
bpython
breeze
veracrypt
breeze-gtk
btrfs-progs
celluloid
cheese
cinnamon
cinnamon-translations
cloc
cowsay
cups
discord
docker
docker-compose
dotnet-host
dotnet-runtime
dotnet-sdk
drawing
efibootmgr
engrampa
evince
firefox
firefox-i18n-ru
flameshot
rust
fzf
ghex
gimp
git
gnome-calculator
gnome-calendar
gnome-disk-utility
gnome-font-viewer
gnome-keyring
gnome-logs
gnome-screenshot
gnome-system-monitor
gnome-terminal
gpaste
gpick
grub
grub-btrfs
gucharmap
gufw
htop
hunspell-ru
uv
ruff
inkscape
jdk21-openjdk
jdk8-openjdk
jupyter-notebook
kdenlive
kvantum
kvantum-qt5
libreoffice-fresh
libreoffice-fresh-ru
mc
mypy
nano
nemo-emblems
nemo-image-converter
nemo-pastebin
nemo-share
nemo-seahorse
nemo-audio-tab
qrencode
sshfs
bat
unrar
unzip
fastfetch
neovim
network-manager-applet
networkmanager-openvpn
networkmanager
nodejs-lts-jod
noto-fonts
noto-fonts-cjk
keepassxc
noto-fonts-emoji
npm
numlockx
obs-studio
obsidian
onboard
os-prober
papirus-icon-theme
plymouth
doublecmd-qt6
pyside6
python-astral
python-black
python-django
python-django-rest-framework
python-docutils
python-emoji
python-flask
python-flask-login
python-flask-migrate
python-flask-restful
python-flask-sqlalchemy
python-flask-wtf
python-fastapi
python-fs
python-geopy
python-icecream
python-lsp-black
python-lsp-server
python-markdown-it-py
python-matplotlib
python-mdit_py_plugins
python-numpy
python-openpyxl
python-pandas
python-peewee
python-phonenumbers
python-pip
python-prettytable
python-progressbar
python-yaml
python-pycryptodome
python-pygame
python-aiohttp
python-pillow
python-pymupdf
python-pypdf
python-pyqt5
python-pytesseract
python-pywal
python-qscintilla-qt6
python-rapidfuzz
python-rdflib
python-readability-lxml
python-lxml
python-rsa
python-sympy
python-termcolor
python-websockets
qbittorrent
qt5-websockets
qt5ct
qt6ct
qtcreator
cmake
rustup
seahorse
shellcheck
simple-scan
ffmpeg
smartmontools
system-config-printer
timeshift
tree
tree-sitter
tree-sitter-cli
tree-sitter-markdown
curl
ninja
openssh
zed
ttf-fira-code
ttf-dejavu
ttf-dejavu-nerd
ttf-droid
ttf-lato
ttf-liberation
ttf-cascadia-code
ttf-hack-nerd
inter-font
ttf-fira-mono
ttf-fira-sans
ttf-jetbrains-mono
ttf-inconsolata
terminus-font
ttf-jetbrains-mono-nerd
usbutils
virtualbox
vlc
7zip
dmidecode
warpinator
wget
openssl
wireguard-tools
wireless_tools
xclip
xcursor-themes
flatpak
xcursor-vanilla-dmz
xdg-desktop-portal-gtk
xdg-user-dirs
xdg-user-dirs-gtk
xed
xreader
ytfzf
redshift
zram-generator
gnupg
lz4
zstd
rsync
rclone
yt-dlp
zsh
zsh-completions
zsh-autosuggestions
wine
android-tools
wine-mono
wine-gecko
